Enter a number of elements: Enter a number: Enter a number: Enter a number: Enter a number: Enter a number: 99 12 -5 0 11 
