[doctest] doctest version is "2.3.4"
[doctest] run with "--help" for options
===============================================================================
[doctest] test cases:      2 |      2 passed |      0 failed |      0 skipped
[doctest] assertions:     18 |     18 passed |      0 failed |
[doctest] Status: SUCCESS!
