[doctest] doctest version is "2.3.4"
[doctest] run with "--help" for options
===============================================================================
[doctest] test cases:      1 |      1 passed |      0 failed |      0 skipped
[doctest] assertions:      5 |      5 passed |      0 failed |
[doctest] Status: SUCCESS!
